// Vitest Snapshot v1, https://vitest.dev/guide/snapshot.html

exports[`declineNoun > generates a stable paradigm for bog (masculine, o-hard, paradigm A) 1`] = `
{
  "dual.acc": "bóga",
  "dual.dat": "bogóma",
  "dual.gen": "bógu",
  "dual.ins": "bogóma",
  "dual.loc": "bógu",
  "dual.nom": "bóga",
  "dual.voc": "bóga",
  "plural.acc": "bógy",
  "plural.dat": "bógom",
  "plural.gen": "bóg",
  "plural.ins": "bógy",
  "plural.loc": "bógěh",
  "plural.nom": "bógi",
  "plural.voc": "bógi",
  "singular.acc": "bóg",
  "singular.dat": "bógu",
  "singular.gen": "bóga",
  "singular.ins": "bógom",
  "singular.loc": "bógě",
  "singular.nom": "bóg",
  "singular.voc": "bóge",
}
`;

exports[`declineNoun > generates a stable paradigm for kost (i-basis, paradigm A) 1`] = `
{
  "dual.acc": "kósti",
  "dual.dat": "kostéma",
  "dual.gen": "kostéju",
  "dual.ins": "kostéma",
  "dual.loc": "kostéju",
  "dual.nom": "kósti",
  "dual.voc": "kósti",
  "plural.acc": "kósti",
  "plural.dat": "kóstem",
  "plural.gen": "kóstej",
  "plural.ins": "kostémi",
  "plural.loc": "kósteh",
  "plural.nom": "kósti",
  "plural.voc": "kósti",
  "singular.acc": "kóstj",
  "singular.dat": "kósti",
  "singular.gen": "kósti",
  "singular.ins": "kostéjų",
  "singular.loc": "kósti",
  "singular.nom": "kóstj",
  "singular.voc": "kósti",
}
`;

exports[`declineNoun > generates a stable paradigm for ruka (feminine, a-hard, paradigm B) 1`] = `
{
  "dual.acc": "rukě́",
  "dual.dat": "rukomá",
  "dual.gen": "rukú",
  "dual.ins": "rukomá",
  "dual.loc": "rukú",
  "dual.nom": "rukě́",
  "dual.voc": "rukě́",
  "plural.acc": "ruká",
  "plural.dat": "rukóm",
  "plural.gen": "rúk",
  "plural.ins": "ruký",
  "plural.loc": "rukě́h",
  "plural.nom": "ruká",
  "plural.voc": "ruká",
  "singular.acc": "rukó",
  "singular.dat": "rukú",
  "singular.gen": "ruká",
  "singular.ins": "rukóm",
  "singular.loc": "rukě́",
  "singular.nom": "rukó",
  "singular.voc": "rukó",
}
`;

exports[`declineNoun > generates a stable paradigm for syn (masculine, u-basis, paradigm C) 1`] = `
{
  "dual.acc": "syný",
  "dual.dat": "synomá",
  "dual.gen": "synovú",
  "dual.ins": "synamá",
  "dual.loc": "synovú",
  "dual.nom": "syný",
  "dual.voc": "syný",
  "plural.acc": "sýny",
  "plural.dat": "synám",
  "plural.gen": "synóv",
  "plural.ins": "synamí",
  "plural.loc": "syně́h",
  "plural.nom": "synové",
  "plural.voc": "synové",
  "singular.acc": "sýn",
  "singular.dat": "synoví",
  "singular.gen": "synú",
  "singular.ins": "synóm",
  "singular.loc": "synú",
  "singular.nom": "sýn",
  "singular.voc": "synú",
}
`;

exports[`declineNoun > generates a stable paradigm for tělo (neuter, a-hard, paradigm C) 1`] = `
{
  "dual.acc": "tělě́",
  "dual.dat": "tělomá",
  "dual.gen": "tělú",
  "dual.ins": "tělomá",
  "dual.loc": "tělú",
  "dual.nom": "tělě́",
  "dual.voc": "tělě́",
  "plural.acc": "tělá",
  "plural.dat": "tělóm",
  "plural.gen": "tě́l",
  "plural.ins": "tělý",
  "plural.loc": "tělě́h",
  "plural.nom": "tělá",
  "plural.voc": "tělá",
  "singular.acc": "tě́lo",
  "singular.dat": "tělú",
  "singular.gen": "tělá",
  "singular.ins": "tělóm",
  "singular.loc": "tělě́",
  "singular.nom": "těló",
  "singular.voc": "těló",
}
`;
